[error] Access to font at 'https://api.fontshare.com/v2/css?f[]=pp-neue-montreal@500&display=swap' from origin 'https://versi-studio.replit.app' has been blocked by CORS policy: The 'Access-Control-Allow-Origin' header has a value 'https://api.fontshare.com' that is not equal to the supplied origin.
[error] Failed to load resource: net::ERR_FAILED
[error] Access to font at 'https://api.fontshare.com/v2/css?f[]=pp-neue-montreal@400&display=swap' from origin 'https://versi-studio.replit.app' has been blocked by CORS policy: The 'Access-Control-Allow-Origin' header has a value 'https://api.fontshare.com' that is not equal to the supplied origin.
[error] Failed to load resource: net::ERR_FAILED
[log] [analytics] vs_dashboard_loaded {}
[HTTP 404] https://versi-studio.replit.app/politique-de-confidentialite?_rsc=eqsj6
[error] Failed to load resource: the server responded with a status of 404 ()
[HTTP 404] https://versi-studio.replit.app/vs/projects?_rsc=eqsj6
[error] Failed to load resource: the server responded with a status of 404 ()
[HTTP 404] https://versi-studio.replit.app/mentions-legales?_rsc=eqsj6
[error] Failed to load resource: the server responded with a status of 404 ()
[log] [analytics] vs_project_opened {project_id: 750515ca-83c1-4210-a757-65b7d3c37b12, position_in_list: 0}
[HTTP 404] https://versi-studio.replit.app/politique-de-confidentialite?_rsc=ychso
[error] Failed to load resource: the server responded with a status of 404 ()
[HTTP 404] https://versi-studio.replit.app/vs/projects?_rsc=ychso
[error] Failed to load resource: the server responded with a status of 404 ()
[HTTP 404] https://versi-studio.replit.app/mentions-legales?_rsc=ychso
[error] Failed to load resource: the server responded with a status of 404 ()
[error] Access to font at 'https://api.fontshare.com/v2/css?f[]=pp-neue-montreal@400&display=swap' from origin 'https://versi-studio.replit.app' has been blocked by CORS policy: The 'Access-Control-Allow-Origin' header has a value 'https://api.fontshare.com' that is not equal to the supplied origin.
[error] Failed to load resource: net::ERR_FAILED
[error] Access to font at 'https://api.fontshare.com/v2/css?f[]=pp-neue-montreal@500&display=swap' from origin 'https://versi-studio.replit.app' has been blocked by CORS policy: The 'Access-Control-Allow-Origin' header has a value 'https://api.fontshare.com' that is not equal to the supplied origin.
[error] Failed to load resource: net::ERR_FAILED
[HTTP 404] https://versi-studio.replit.app/vs/projects?_rsc=mc03b
[error] Failed to load resource: the server responded with a status of 404 ()
[HTTP 404] https://versi-studio.replit.app/mentions-legales?_rsc=mc03b
[error] Failed to load resource: the server responded with a status of 404 ()
[HTTP 404] https://versi-studio.replit.app/politique-de-confidentialite?_rsc=mc03b
[error] Failed to load resource: the server responded with a status of 404 ()
[error] Access to font at 'https://api.fontshare.com/v2/css?f[]=pp-neue-montreal@700&display=swap' from origin 'https://versi-studio.replit.app' has been blocked by CORS policy: The 'Access-Control-Allow-Origin' header has a value 'https://api.fontshare.com' that is not equal to the supplied origin.
[error] Failed to load resource: net::ERR_FAILED
[error] Access to font at 'https://api.fontshare.com/v2/css?f[]=pp-neue-montreal@400&display=swap' from origin 'https://versi-studio.replit.app' has been blocked by CORS policy: The 'Access-Control-Allow-Origin' header has a value 'https://api.fontshare.com' that is not equal to the supplied origin.
[error] Failed to load resource: net::ERR_FAILED
[error] Access to font at 'https://api.fontshare.com/v2/css?f[]=pp-neue-montreal@500&display=swap' from origin 'https://versi-studio.replit.app' has been blocked by CORS policy: The 'Access-Control-Allow-Origin' header has a value 'https://api.fontshare.com' that is not equal to the supplied origin.
[error] Failed to load resource: net::ERR_FAILED
[HTTP 404] https://versi-studio.replit.app/vs/projects?_rsc=qt6vi
[error] Failed to load resource: the server responded with a status of 404 ()
[error] Access to font at 'https://api.fontshare.com/v2/css?f[]=pp-neue-montreal@700&display=swap' from origin 'https://versi-studio.replit.app' has been blocked by CORS policy: The 'Access-Control-Allow-Origin' header has a value 'https://api.fontshare.com' that is not equal to the supplied origin.
[error] Failed to load resource: net::ERR_FAILED