[2026-04-22T10:13:33.556Z] nav /vs
[console.error] Access to font at 'https://api.fontshare.com/v2/css?f[]=pp-neue-montreal@400&display=swap' from origin 'https://versi-studio.replit.app' has been blocked by CORS policy: No 'Access-Control-Allow-Origin' header is present on the requested resource.
[console.error] Failed to load resource: net::ERR_FAILED
[console.error] Access to font at 'https://api.fontshare.com/v2/css?f[]=pp-neue-montreal@500&display=swap' from origin 'https://versi-studio.replit.app' has been blocked by CORS policy: No 'Access-Control-Allow-Origin' header is present on the requested resource.
[console.error] Failed to load resource: net::ERR_FAILED
[console.log] [analytics] vs_dashboard_loaded {}
[HTTP 404] https://versi-studio.replit.app/mentions-legales?_rsc=eqsj6
[console.error] Failed to load resource: the server responded with a status of 404 ()
[HTTP 404] https://versi-studio.replit.app/vs/projects?_rsc=eqsj6
[console.error] Failed to load resource: the server responded with a status of 404 ()
[HTTP 404] https://versi-studio.replit.app/politique-de-confidentialite?_rsc=eqsj6
[console.error] Failed to load resource: the server responded with a status of 404 ()
[2026-04-22T10:13:38.003Z] snap 00-vs-projects.png
[2026-04-22T10:13:38.003Z] click 10 Rue des Muguets
[console.log] [analytics] vs_project_opened {project_id: 750515ca-83c1-4210-a757-65b7d3c37b12, position_in_list: 0}
[HTTP 404] https://versi-studio.replit.app/mentions-legales?_rsc=ychso
[console.error] Failed to load resource: the server responded with a status of 404 ()
[HTTP 404] https://versi-studio.replit.app/vs/projects?_rsc=ychso
[console.error] Failed to load resource: the server responded with a status of 404 ()
[HTTP 404] https://versi-studio.replit.app/politique-de-confidentialite?_rsc=ychso
[console.error] Failed to load resource: the server responded with a status of 404 ()
[2026-04-22T10:13:43.078Z] url after click: https://versi-studio.replit.app/vs/projects/750515ca-83c1-4210-a757-65b7d3c37b12/upload
[2026-04-22T10:13:43.078Z] projectId=750515ca-83c1-4210-a757-65b7d3c37b12
[2026-04-22T10:13:43.078Z] --- Step2 /lots ---
[console.error] Access to font at 'https://api.fontshare.com/v2/css?f[]=pp-neue-montreal@500&display=swap' from origin 'https://versi-studio.replit.app' has been blocked by CORS policy: No 'Access-Control-Allow-Origin' header is present on the requested resource.
[console.error] Failed to load resource: net::ERR_FAILED
[console.error] Access to font at 'https://api.fontshare.com/v2/css?f[]=pp-neue-montreal@400&display=swap' from origin 'https://versi-studio.replit.app' has been blocked by CORS policy: No 'Access-Control-Allow-Origin' header is present on the requested resource.
[console.error] Failed to load resource: net::ERR_FAILED
[HTTP 404] https://versi-studio.replit.app/politique-de-confidentialite?_rsc=mc03b
[console.error] Failed to load resource: the server responded with a status of 404 ()
[HTTP 404] https://versi-studio.replit.app/mentions-legales?_rsc=mc03b
[console.error] Failed to load resource: the server responded with a status of 404 ()
[HTTP 404] https://versi-studio.replit.app/vs/projects?_rsc=mc03b
[console.error] Failed to load resource: the server responded with a status of 404 ()
[console.error] Access to font at 'https://api.fontshare.com/v2/css?f[]=pp-neue-montreal@700&display=swap' from origin 'https://versi-studio.replit.app' has been blocked by CORS policy: The 'Access-Control-Allow-Origin' header has a value 'https://api.fontshare.com' that is not equal to the supplied origin.
[console.error] Failed to load resource: net::ERR_FAILED
[2026-04-22T10:13:51.553Z] snap 10-step2-initial.png
[2026-04-22T10:13:51.569Z] (d) planCalibreVisible=false recalibreVisible=false
[2026-04-22T10:13:51.577Z] step2 sessionStorage set: {"zoom":1.5,"panX":120,"panY":-60}
[2026-04-22T10:13:51.578Z] --- Step3 /rooms ---
[console.error] Access to font at 'https://api.fontshare.com/v2/css?f[]=pp-neue-montreal@400&display=swap' from origin 'https://versi-studio.replit.app' has been blocked by CORS policy: The 'Access-Control-Allow-Origin' header has a value 'https://api.fontshare.com' that is not equal to the supplied origin.
[console.error] Failed to load resource: net::ERR_FAILED
[console.error] Access to font at 'https://api.fontshare.com/v2/css?f[]=pp-neue-montreal@500&display=swap' from origin 'https://versi-studio.replit.app' has been blocked by CORS policy: The 'Access-Control-Allow-Origin' header has a value 'https://api.fontshare.com' that is not equal to the supplied origin.
[console.error] Failed to load resource: net::ERR_FAILED
[HTTP 404] https://versi-studio.replit.app/vs/projects?_rsc=qt6vi
[console.error] Failed to load resource: the server responded with a status of 404 ()
[console.error] Access to font at 'https://api.fontshare.com/v2/css?f[]=pp-neue-montreal@700&display=swap' from origin 'https://versi-studio.replit.app' has been blocked by CORS policy: The 'Access-Control-Allow-Origin' header has a value 'https://api.fontshare.com' that is not equal to the supplied origin.
[console.error] Failed to load resource: net::ERR_FAILED
[2026-04-22T10:13:59.824Z] step3 sessionStorage: {"scale":1.386246287330414,"offsetX":-284.5385733942395,"offsetY":-153.01477252469704}
[2026-04-22T10:14:00.055Z] snap 20-step3-initial.png
[2026-04-22T10:14:00.068Z] (a) regenBtn count=1 visible=true
[2026-04-22T10:14:00.074Z] hasNoRoomsMsg before=false
[2026-04-22T10:14:00.074Z] click Régénérer
[HTTP 404] https://versi-studio.replit.app/mentions-legales?_rsc=qt6vi
[console.error] Failed to load resource: the server responded with a status of 404 ()
[HTTP 404] https://versi-studio.replit.app/politique-de-confidentialite?_rsc=qt6vi
[console.error] Failed to load resource: the server responded with a status of 404 ()
[2026-04-22T10:14:18.320Z] snap 21-step3-after-regen.png
[HTTP 404] https://versi-studio.replit.app/vs/projects?_rsc=qt6vi
[console.error] Failed to load resource: the server responded with a status of 404 ()
[2026-04-22T10:14:18.325Z] stillNoRooms=false hasRoomLabels=true